Arsenic,< 0.005,0.010,mg/L
Barium,0.1,2.00,mg/L
Cadmium,< 0.001,0.005,mg/L
Calcium,41,,mg/L
Chloride,15.00,250,mg/L
Chromium,< 0.01,0.10,mg/L
Copper,< 0.05,1.3,mg/L
Fluoride,< 0.20,4.00,mg/L
Iron,< 0.10,0.30,mg/L
Lead,< 0.005,0.015,mg/L
Magnesium,11,,mg/L
Manganese,< 0.03,0.05,mg/L
Mercury,< 0.0005,0.002,mg/L
pH,7.3,,N/A
Selenium,< 0.005,0.05,mg/L
Silver,< 0.05,0.10,mg/L
Sodium,15.00,,mg/L
Sulfate,10.00,250,mg/L
Total Alkalinity,130,,mg/L
Total Hardness,150,,mg/L
Zinc,0.07,5.00,mg/L
