Total Alkalinity,80,,mg/L
Fluoride,0.47,4.00,mg/L
Chloride,6.30,500,mg/L
Sulfate,13.00,250,mg/L
Arsenic,< 0.005,0.010,mg/L
Copper,0.07,1.3,mg/L
Lead,< 0.005,0.015,mg/L
Manganese,< 0.03,0.05,mg/L
Zinc,< 0.05,5.00,mg/L
Barium,< 0.1,2.00,mg/L
Cadmium,< 0.001,0.005,mg/L
Chromium,< 0.01,0.10,mg/L
Silver,< 0.05,0.10,mg/L
Selenium,< 0.005,0.05,mg/L
Iron,< 0.10,0.30,mg/L
Mercury,< 0.0005,0.002,mg/L
pH,7.0,,N/A
Calcium,26,,mg/L
Magnesium,5,,mg/L
Total Hardness,84,,mg/L
Uranium,0.412,0.030,mg/L
